// Vitest Snapshot v1, https://vitest.dev/guide/snapshot.html

exports[`ExerciseChoosenList > matches snapshot 1`] = `
"<div>
  <div column="">
    <exercise-choosen-element-stub exercise="[object Object]" index="1" data-test="exercise-choosen"></exercise-choosen-element-stub>
    <exercise-choosen-element-stub exercise="[object Object]" index="2" data-test="exercise-choosen"></exercise-choosen-element-stub>
  </div>
</div>"
`;
