// Vitest Snapshot v1, https://vitest.dev/guide/snapshot.html

exports[`ExerciseChooseElement > matches snapshot 1`] = `
"<div>
  <div column="" gap="16">
    <fieldset label="Вес, кг"><input type="text" modelvalue="1" options="1,2,3" lang="ru" data-test="exercise-weight"></fieldset>
    <exercise-repeats-choice-stub modelvalue="12" options="8,10,12,15,20" title="Повторы" istall="false" data-test="exercise-repeats"></exercise-repeats-choice-stub>
    <div justify="space-between"><button data-test="exercise-add-1">Добавить</button>
      <div><button layout="secondary" isnarrow="" data-test="exercise-add-2">+2</button><button layout="secondary" isnarrow="" data-test="exercise-add-3">+3</button></div>
    </div>
  </div>
</div>"
`;
