// Vitest Snapshot v1, https://vitest.dev/guide/snapshot.html

exports[`ExerciseChoosenList > matches snapshot 1`] = `
"<div column="">
  <h3>Упражнения</h3>
  <exercise-choosen-element-stub exercise="[object Object]" index="0" issetcreatable="false" islast="false" data-test="exercise-choosen"></exercise-choosen-element-stub>
  <exercise-choosen-element-stub exercise="[object Object]" index="1" issetcreatable="true" islast="true" data-test="exercise-choosen"></exercise-choosen-element-stub>
</div>"
`;
