// Vitest Snapshot v1, https://vitest.dev/guide/snapshot.html

exports[`ExerciseChoosenElement > matches snapshot 1`] = `
"<div class="_exercise_133bad"><span data-test="exercise-title">1. Отжимание от скамьи x12</span>
  <div><button layout="plain" data-test="exercise-create-set"> +Сет </button>
    <ui-close-stub issmall="true" isdelete="false" data-test="exercise-delete"></ui-close-stub>
  </div>
</div>"
`;
