// Vitest Snapshot v1, https://vitest.dev/guide/snapshot.html

exports[`ExerciseInfo > matches snapshot 1`] = `
"<div column="" gap="16">
  <div column="">
    <h3 data-test="exercise-info-title">Отжимание от скамьи</h3>
    <!--v-if-->
    <div>
      <div>Задействованные мышцы</div>
      <div>
        <div data-test="exercise-info-muscles">Грудь</div>
        <div data-test="exercise-info-muscles">Ноги</div>
      </div>
    </div>
    <div data-test="exercise-info-equipment">
      <div>Необходимое оборудование</div>
      <div>
        <div data-test="exercise-info-equipment-title">Скамья</div>
      </div>
    </div>
    <div data-test="exercise-info-is-weights">
      <div><span>Подходящее оборудование для веса</span><span data-test="exercise-info-is-weights-required"><b> (обязательно)</b></span></div>
      <div>
        <div data-test="exercise-info-equipment-for-weight">Гантели</div>
      </div>
    </div>
  </div>
  <div data-test="exercise-info-description">Описание 1</div>
</div>"
`;
