// Vitest Snapshot v1, https://vitest.dev/guide/snapshot.html

exports[`ExerciseStatistics > matches snapshot 1`] = `
"<div>
  <table headers="[object Object],[object Object],[object Object]" lang="ru">
    <tbody>
      <tr data-test="exercise-statistics-table-row">
        <td><button layout="plain" iswrap="" data-test="exercise-statistics-title" class="_title_005ffb" data-equipment="true">Отжимание от скамьи</button></td>
        <td>
          <div class="_cell_005ffb">
            <div class="_count_005ffb" data-test="exercise-statistics-sets-count">35<dynamic-percent-stub percent="74"></dynamic-percent-stub>
            </div>
            <div class="_duration_005ffb" data-test="exercise-statistics-sets-duration">51.1с</div>
          </div>
        </td>
        <td>
          <div class="_cell_005ffb">
            <div class="_count_005ffb" data-test="exercise-statistics-repeats-count">578<dynamic-percent-stub percent="81"></dynamic-percent-stub>
            </div>
            <div class="_duration_005ffb" data-test="exercise-statistics-repeats-in-set">17</div>
          </div>
        </td>
      </tr>
      <tr data-test="exercise-statistics-table-row">
        <td><button layout="plain" iswrap="" data-test="exercise-statistics-title" class="_title_005ffb" data-equipment="true">Подтягивание</button></td>
        <td>
          <div class="_cell_005ffb">
            <div class="_count_005ffb" data-test="exercise-statistics-sets-count">30<dynamic-percent-stub percent="-10"></dynamic-percent-stub>
            </div>
            <div class="_duration_005ffb" data-test="exercise-statistics-sets-duration">40.9с</div>
          </div>
        </td>
        <td>
          <div class="_cell_005ffb">
            <div class="_count_005ffb" data-test="exercise-statistics-repeats-count">374<dynamic-percent-stub percent="-33"></dynamic-percent-stub>
            </div>
            <div class="_duration_005ffb" data-test="exercise-statistics-repeats-in-set">12</div>
          </div>
        </td>
      </tr>
    </tbody>
  </table>
  <div modelvalue="false" width="360" data-test="exercise-statistics-modal"></div>
</div>"
`;
