// Vitest Snapshot v1, https://vitest.dev/guide/snapshot.html

exports[`ExerciseMuscleGroupStatistics > matches snapshot 1`] = `
"<div class="_table_5eadab">
  <table headers="[object Object],[object Object],[object Object]">
    <tbody>
      <tr data-test="exercise-muscle-group-row">
        <td style="color: #C41E3A;" data-test="exercise-muscle-group-title">Плечи</td>
        <td data-test="exercise-muscle-group-sets">1</td>
        <td data-test="exercise-muscle-group-repeats">12</td>
      </tr>
      <tr data-test="exercise-muscle-group-row">
        <td style="color: #DA70D6;" data-test="exercise-muscle-group-title">Руки</td>
        <td data-test="exercise-muscle-group-sets">1</td>
        <td data-test="exercise-muscle-group-repeats">12</td>
      </tr>
      <tr data-test="exercise-muscle-group-row">
        <td style="color: #00CED1;" data-test="exercise-muscle-group-title">Грудь</td>
        <td data-test="exercise-muscle-group-sets">1</td>
        <td data-test="exercise-muscle-group-repeats">12</td>
      </tr>
      <tr data-test="exercise-muscle-group-row">
        <td style="color: #32CD32;" data-test="exercise-muscle-group-title">Пресс</td>
        <td data-test="exercise-muscle-group-sets">1</td>
        <td data-test="exercise-muscle-group-repeats">12</td>
      </tr>
    </tbody>
  </table>
</div>"
`;
