// Vitest Snapshot v1, https://vitest.dev/guide/snapshot.html

exports[`ExerciseElement > matches snapshot 1`] = `
"<div class="_exercise_30bc63" data-hide="false" data-edit="true">
  <exercise-muscle-colors-stub muscles="[object Object],[object Object]" data-test="exercise-muscle-colors"></exercise-muscle-colors-stub>
  <div column="" gap="4" align="flex-start" grow="">
    <div data-test="exercise-title">2. Отжимание от скамьи</div>
    <exercise-buttons-stub repeats="12" weight="0" index="1" duration="0" issetcreatable="true" islast="false" isedit="true" isdone="false" istofailure="false" isfutureactivity="false" isweights="true" data-test="exercise-buttons"></exercise-buttons-stub>
    <transition-stub name="slide" mode="out-in" appear="false" persisted="true" css="true">
      <exercise-repeats-stub modelvalue="12" options="8,10,12,15,20" istall="false" baserepeat="12" data-test="exercise-repeats" style="display: none;"></exercise-repeats-stub>
    </transition-stub>
    <transition-stub name="slide" mode="out-in" appear="false" persisted="false" css="true">
      <exercise-weight-stub modelvalue="0" options="1,2,3" data-test="exercise-weight" style="display: none;"></exercise-weight-stub>
    </transition-stub>
  </div>
</div>"
`;
