// Vitest Snapshot v1, https://vitest.dev/guide/snapshot.html

exports[`ExerciseElementPassing > matches snapshot 1`] = `
"<div class="_element_bde61e" data-active="false" data-test="exercise-passing-element"><button islargefont="" isdisabled="false" istall="" data-test="exercise-passing-button">Начать</button>
  <exercise-duration-timer-stub isactive="false" data-test="exercise-passing-duration"></exercise-duration-timer-stub>
</div>"
`;
