// Vitest Snapshot v1, https://vitest.dev/guide/snapshot.html

exports[`ActivityEditPage > matches snapshot 1`] = `
"<div>
  <div column="" gap="32">
    <activity-info-stub id="123123" start="Sun Dec 29 2024 12:38:01 GMT+0000 (Всемирное координированное время)" end="Sun Dec 29 2024 13:40:01 GMT+0000 (Всемирное координированное время)" exercises="[object Object],[object Object],[object Object]" ispopup="false" data-test="activity-info"></activity-info-stub>
    <div modelvalue="false" isconfirm="" width="360" lang="ru" data-test="activity-modal">Подтверждаете удаление? </div>
    <div justify="space-between" class="_buttons_936c94" data-loaded="true"><button data-test="activity-go-back-button">Назад</button><button layout="secondary" data-test="activity-delete-button">Удалить</button></div>
  </div>
</div>"
`;
