// Vitest Snapshot v1, https://vitest.dev/guide/snapshot.html

exports[`ActivityEditPage > matches snapshot 1`] = `
"<div>
  <div column="" gap="32">
    <activity-info-stub id="123123" start="2024-12-29T12:38:01.406Z" end="2024-12-29T13:40:01.456Z" exercises="[object Object],[object Object],[object Object]" ispopup="false" data-test="activity-info"></activity-info-stub>
    <div modelvalue="false" isconfirm="" width="360" data-test="activity-modal"> Подтверждаете удаление? </div>
    <div justify="space-between" class="_buttons_936c94" data-loaded="true"><button data-test="activity-go-back-button">Назад</button><button layout="secondary" data-test="activity-delete-button">Удалить</button></div>
  </div>
</div>"
`;
