// Vitest Snapshot v1, https://vitest.dev/guide/snapshot.html

exports[`ActivityInfo > matches snapshot 1`] = `
"<div class="_info_d22753" data-scrollable="false" data-test="activity-info">
  <div gap="4" align="center" wrap="">
    <!--v-if-->
    <div>
      <div gap="2" align="center" data-test="activity-info-start-date">
        <anonymous-stub width="16" height="16"></anonymous-stub> 1 янв. 2025 г.
      </div>
      <div gap="2" align="center" data-test="activity-info-duration">
        <anonymous-stub width="16" height="16"></anonymous-stub> 1440 мин. 00 сек.
      </div>
    </div>
    <div>Подходы: <span data-test="activity-info-sets">2</span>, отказы: <span data-test="activity-info-to-failure-percent">50%</span>, отдых: <span data-test="activity-info-rest-percent">99%</span></div><button layout="plain" data-test="activity-info-copy-to-clipboard">Скопировать в буфер</button>
  </div>
  <muscle-statistics-stub statistics="[object Object],[object Object],[object Object],[object Object]" data-test="activity-info-muscle-statistics"></muscle-statistics-stub>
  <div column="">
    <exercise-title-stub exercise="[object Object]" ishidetitle="false" ishideduration="false" data-test="activity-info-exercise"></exercise-title-stub>
    <exercise-title-stub exercise="[object Object]" ishidetitle="false" ishideduration="false" data-test="activity-info-exercise"></exercise-title-stub>
  </div>
  <div justify="space-between"></div>
  <div modelvalue="false" isconfirm="" width="360" lang="ru" data-test="activity-info-modal">Подтверждаете удаление? </div>
</div>"
`;
