// Vitest Snapshot v1, https://vitest.dev/guide/snapshot.html

exports[`ActivityForm > matches snapshot 1`] = `
"<div data-test="activity-form-container">
  <h2>Сформировать занятие</h2>
  <div tag="form" column="" gap="24" data-test="activity-form">
    <activity-potential-duration-stub exercises="" data-test="activity-form-potential-duration"></activity-potential-duration-stub>
    <div justify="space-between"><button isnarrow="" layout="secondary" data-test="activity-form-templates">Шаблоны</button><button isdisabled="true" isnarrow="" layout="secondary" data-test="activity-form-toggle-calendar">Календарь</button></div>
    <!--v-if-->
    <div modelvalue="false">
      <div column="" gap="32">
        <div column="" gap="16">
          <fieldset label="Название"><input type="text" modelvalue=""></fieldset><button isdisabled="true" layout="secondary">Сохранить как шаблон</button>
        </div>
        <!--v-if-->
      </div>
    </div>
    <div modelvalue="false" isscrollable="" data-test="activity-form-add-exercise-modal">
      <exercise-choose-list-stub exercises="[object Object],[object Object],[object Object]" data-test="activity-form-exercise-choose-list"></exercise-choose-list-stub>
    </div>
    <!--v-if-->
    <div>
      <div class="_margin_871dab" data-test="form-buttons-layout-margin"></div>
      <div class="_buttons_871dab" data-fixed="true" data-test="form-buttons-layout-buttons"><button isnarrow="" data-test="activity-form-add-exercise">Добавить упражнение</button><button layout="accent" isnarrow="" isdisabled="true" type="submit" data-test="activity-form-submit">Начать занятие</button></div>
    </div>
  </div>
</div>"
`;
