// Vitest Snapshot v1, https://vitest.dev/guide/snapshot.html

exports[`ActivityStatistics > matches snapshot 1`] = `
"<div>
  <div column="">
    <div><b>Данные за месяц</b><br><span> Длительность: <span data-test="activity-statistics-total-duration">387 мин. 01 сек.</span>
      <dynamic-percent-stub percent="10"></dynamic-percent-stub>, </span><span> занятия: <span data-test="activity-statistics-total-count">10</span>
      <dynamic-percent-stub percent="20"></dynamic-percent-stub>, </span><span> подходы: <span data-test="activity-statistics-total-sets">251</span>
      <dynamic-percent-stub percent="17"></dynamic-percent-stub>, </span><span> повторы: <span data-test="activity-statistics-total-repeats">3153</span>
      <dynamic-percent-stub percent="24"></dynamic-percent-stub></span>
    </div>
    <div><b>Средние значения</b><br><span> Длительность: <span data-test="activity-statistics-average-duration">38 мин. 42 сек.</span>
      <dynamic-percent-stub percent="-13"></dynamic-percent-stub>, </span><span> подходов в занятии: <span data-test="activity-statistics-average-sets">25</span>
      <dynamic-percent-stub percent="-4"></dynamic-percent-stub>, </span><span> повторов в подходе: <span data-test="activity-statistics-average-repeats">13</span>
      <dynamic-percent-stub percent="15"></dynamic-percent-stub>, </span><span> отдых: <span data-test="activity-statistics-average-rest">49%</span>
      <dynamic-percent-stub percent="2"></dynamic-percent-stub></span>
    </div>
  </div>
</div>"
`;
