// Vitest Snapshot v1, https://vitest.dev/guide/snapshot.html

exports[`ActivityForm > matches snapshot 1`] = `
"<div data-test="activity-form-container">
  <h2>Сформировать занятие</h2>
  <div tag="form" column="" gap="24" data-test="activity-form">
    <p><span>Примерная длительность: </span><span data-test="activity-form-potential-duration">0</span></p>
    <div justify="space-between"><button isnarrow="" layout="secondary" data-test="activity-form-repeat-last">Повторить прошлое</button><button isnarrow="" layout="secondary" data-test="activity-form-add-to-calendar">Добавить в календарь</button></div>
    <!--v-if--><button data-test="activity-form-add-exercise">Добавить упражнение</button>
    <div modelvalue="false" width="360" data-test="activity-form-add-exercise-modal">
      <exercise-choose-list-stub exercises="[object Object],[object Object],[object Object]" data-test="activity-form-exercise-choose-list"></exercise-choose-list-stub>
    </div>
    <div column="" data-test="activity-form-exercises-choosen-container">
      <h3>Упражнения</h3>
      <exercise-choosen-list-stub choosenexercises="[object Object],[object Object],[object Object]" data-test="activity-form-exercises-choosen"></exercise-choosen-list-stub>
    </div><button layout="accent" type="submit" data-test="activity-form-submit">Начать занятие</button>
  </div>
</div>"
`;
