// Vitest Snapshot v1, https://vitest.dev/guide/snapshot.html

exports[`ActivityPassingForm > matches snapshot 1`] = `
"<div>
  <div column="">
    <exercise-rest-timer-stub start="true" stop="false" data-test="activity-passing-form-rest-timer"></exercise-rest-timer-stub>
    <div data-test="activity-passing-form-exercise-list" currentexerciseindex="1">
      <div></div>
      <div>
        <exercise-element-passing-stub exercise="[object Object]" isactive="false" data-test="activity-passing-form-exercise"></exercise-element-passing-stub>
      </div>
    </div>
    <div>Занятие создано <span data-test="activity-start">23 дек. 2024 г., 08:29</span></div>
    <div gap="4" justify="space-between"><button layout="secondary" isnarrow="" isdisabled="false" data-test="activity-passing-add-exercise">Добавить упражнение</button><button layout="secondary" isnarrow="" isdisabled="false" data-test="activity-finish">Прервать досрочно</button></div>
  </div>
  <div modelvalue="false" isscrollable="" data-test="activity-exercise-modal">
    <exercise-choose-list-stub exercises="[object Object],[object Object],[object Object]" data-test="activity-exercise-choose-list"></exercise-choose-list-stub>
  </div>
</div>"
`;
