// Vitest Snapshot v1, https://vitest.dev/guide/snapshot.html

exports[`ActivityCalendar > matches snapshot 1`] = `
"<div>
  <ui-calendar-stub events="[object Object],[object Object]" lang="ru" data-test="activity-calendar"></ui-calendar-stub>
  <div modelvalue="false" data-test="activity-calendar-modal">
    <activity-info-stub exercises="" id="" ispopup="true" data-test="activity-calendar-info"></activity-info-stub>
  </div>
</div>"
`;
