// Vitest Snapshot v1, https://vitest.dev/guide/snapshot.html

exports[`ActivityTimeline > matches snapshot 1`] = `
"<div class="_timeline_0ae6c1">
  <div class="_step_0ae6c1" data-type="exercise" style="left: 0px; right: 308px; width: 308px;" data-test="activity-timeline-step"></div>
  <div class="_step_0ae6c1" data-type="rest" style="left: 0px; right: 307.995055px; width: 307.995055px;" data-test="activity-timeline-step"></div>
  <div class="_step_0ae6c1" data-type="exercise" style="left: 307.995055px; right: 308px; width: 0.004945px;" data-test="activity-timeline-step"></div>
  <div class="_step_0ae6c1" data-type="rest" style="left: 308px; right: 0px; width: -308px;" data-test="activity-timeline-step"></div>
</div>"
`;
