// Vitest Snapshot v1, https://vitest.dev/guide/snapshot.html

exports[`HelpPage > matches snapshot 1`] = `
"<div column="" gap="16">
  <h1>Помощь</h1>
  <div>
    <p>Исходный код: <a href="https://github.com/dergunovs/fit" target="_blank" rel="nofollow noreferrer noopener">Github</a></p>
    <p>Видео про разработку приложения: <a href="https://vkvideo.ru/playlist/15313879_11" target="_blank" rel="nofollow noreferrer noopener">VK</a>, <a href="https://youtube.com/@dergunovalexandr" target="_blank" rel="nofollow noreferrer noopener">Youtube</a></p>
    <p>Электронная почта для связи: mail@app-fit.ru</p>
  </div>
  <h3>Установка</h3>
  <div> RuStore(Android): <a href="https://www.rustore.ru/catalog/app/com.appfit.dev" target="_blank" rel="nofollow noreferrer noopener">Установка</a></div>
  <div>
    <p>Приложение также можно установить через браузер (Google Chrome, в iOS - Safari):</p>
    <p>Android: зайдите на сайт app-fit.ru, войдите в меню браузера ⋮ и выберите 'Добавить на главный экран'.</p>
    <p>iOS: зайдите на сайт app-fit.ru, нажмите иконку 'Поделиться' и выберите 'Добавить на главный экран'.</p>
    <p>PC: зайдите на сайт app-fit.ru, в адресной строке браузера нажмите кнопку 'Установить'.</p>
  </div>
  <h3>Регистрация</h3>
  <div>
    <p>Зарегистрируйтесь, перейдите по ссылке подтверждения в письме на почте. Проверьте спам, если письма нет.</p>
    <p>В профиле добавьте своё оборудование - от этого зависит список доступных упражнений. У некоторого оборудования есть выбор веса. Например, гантели 2 и 3 кг. Если у вас несколько видов оборудования с весом, появится выбор веса по-умолчанию для упражнений. Также в профиле вы можете добавить до 20 своих упражнений и установить недельные цели по тренировкам.</p>
  </div>
  <h3>Прохождение занятия</h3>
  <div>
    <p>Добавьте упражнения. Укажите количество повторов и вес. Есть фильтры по группам мышц и названию упражнений. Можно добавлять сразу по 2 или 3 подхода. Если два последних упражнения отличаются, то появится кнопка добавление сета из них.</p>
    <p>Если вы выполнили первое занятие, то появится возможность повторить прошлое занятие в один клик. Также вы можете копировать любое из выполненных занятий через календарь на странице статистики во всплывающем окне. Вы можете добавить занятие в календарь: нажмите на кнопку 'Открыть календарь' при создании занятия. Выберите дату и нажмите кнопку 'Сохранить занятие в календаре'. Затем в календаре выберите будущее занятие и нажмите кнопку 'Начать'.</p>
    <p>После формирования занятия вы можете сразу начать занятие, нажав соответствующую кнопку. Нажмите 'Начать' на экране прохождения занятия, чтобы запустить таймер первого упражнения. Если подход выполнен до отказа, то отметьте это. Вы можете скорректировать количество повторений. После окончания упражнения нажмите кнопку 'Завершить'.</p>
    <p>После выполнения всех упражнений вы будете перенаправлены на страницу со статистикой. Выполненное занятие в календаре окрашивается в цвет самых задействованных групп мышц. Чем больше группа мышц задействована, тем больше места она занимает.</p>
    <p>Использование таймера позволяет прогнозировать время будущих занятий, отслеживать среднее время отдыха, наглядно отображать занятие в статистике.</p>
  </div>
  <user-feedback-form-stub></user-feedback-form-stub>
</div>"
`;
