// Vitest Snapshot v1, https://vitest.dev/guide/snapshot.html

exports[`HelpPage > matches snapshot 1`] = `
"<div column="" gap="16">
  <h1>Помощь</h1>
  <div>
    <p>Исходный код: <a href="https://github.com/dergunovs/fit" target="_blank" rel="nofollow noreferrer noopener">Github</a></p>
    <p>Видео про разработку приложения: <a href="https://vkvideo.ru/playlist/15313879_11" target="_blank" rel="nofollow noreferrer noopener">VK</a>, <a href="https://youtube.com/@dergunovalexandr" target="_blank" rel="nofollow noreferrer noopener">Youtube</a></p>
    <p>Электронная почта для связи: mail@app-fit.ru</p>
  </div>
  <user-feedback-form-stub></user-feedback-form-stub>
  <h3>Установка</h3>
  <div><b>RuStore(Android): </b><a href="https://www.rustore.ru/catalog/app/com.appfit.dev" target="_blank" rel="nofollow noreferrer noopener">Установка</a></div>
  <div>
    <p>Приложение также можно установить через браузер (Google Chrome, в iOS - Safari):</p>
    <p>Android: зайдите на сайт app-fit.ru, войдите в меню браузера ⋮ и выберите 'Добавить на главный экран'.</p>
    <p>iOS: зайдите на сайт app-fit.ru, нажмите иконку 'Поделиться' и выберите 'Добавить на главный экран'.</p>
    <p>PC: зайдите на сайт app-fit.ru, в адресной строке браузера нажмите кнопку 'Установить'.</p>
  </div>
  <h3>Регистрация</h3>
  <div>
    <p>Зарегистрируйтесь, введя своё имя, почту и пароль. На почту придёт ссылка с подтверждением регистрации. Проверьте спам, если письма нет.</p>
    <p>Войдите в приложение. В профиле добавьте доступное для вас оборудование из списка. От этого зависит список упражнений, которые вы сможете выполнять. У некоторого оборудования есть выбор веса. Например, у вас могут быть гантели 2 и 3 кг.</p>
    <p>Если в упражнении возможен выбор веса или у вас несколько видов оборудования с весом, появится возможность выбора веса по-умолчания для каждого из таких упражнений. Сохраните данные, нажав кнопку 'Сохранить'.</p>
    <p>Вы можете добавить до 20 своих упражнений через форму в профиле пользователя. При создании упражнения добавьте его название, описание, задействованное оборудование и группы мышц.</p>
  </div>
  <h3>Прохождение занятия</h3>
  <div>
    <p>Добавьте упражнения с учётом количества повторов и доступного веса. Есть фильтр по группам мышц и названию упражнений.</p>
    <p>Можно добавлять сразу по 2 или 3 подхода. Если два последних упражнения отличаются, то появится ссылка на добавление сета из таких же упражнений.</p>
    <p>Если вы выполнили хотя бы одно занятие, то появится возможность повторить прошлое занятие в один клик. Также вы можете скопировать любое из выполненных ранее занятий через календарь на странице статистики, нажав на кнопку 'Скопировать' внизу всплывающего окна.</p>
    <p>Планируйте будущие занятия. Для этого нажмите на кнопку 'Добавить в календарь' при создании занятия. В появившемся календаре выберите дату и нажмите кнопку 'Сохранить занятие в календаре'. Затем в календаре вы можете начать занятие, причём не обязательно это делать в запланированный день.</p>
    <p>После формирования занятия нажмите кнопку 'Начать занятие'. Появится экран прохождения занятия. Нажмите 'Начать', чтобы запустить таймер текущего упражнения. Если вы чувствуете, что подход выполнен до отказа, то отметьте это. Вы можете скорректировать количество выполненных повторений. После этого нажмите кнопку 'Завершить'.</p>
    <p>После выполнения упражнений вы будете перенаправлены на страницу со статистикой. Каждое выполненное занятие в календаре окрашивается в цвет самых задействованных групп мышц. Чем больше группа мышц задействована, тем больше места она занимает. Также занятие в календаре можно удалить.</p>
    <p>Если вы не можете продолжать занятие, то можно завершить его досрочно, нажав по соответствующей кнопке. Использование таймера позволяет прогнозировать время выполнения будущих занятий, отслеживать среднее время отдыха, а также наглядно отображать занятия в статистике.</p>
  </div>
  <h3>Планируемая функциональность</h3>
  <div>
    <p>Приложение на раннем этапе разработки. Его функциональность будет существенно расширена. Тем не менее, вы уже можете им пользоваться, сохраняя данные своих тренировок. В планах внедрение следующей функциональности:</p>
    <ul>
      <li>корректировка веса, использованного в подходе;</li>
      <li>редактирование занятия в процессе его прохождения;</li>
      <li>тип пользователя 'Тренер', с возможностью планировать тренировки подопечных;</li>
      <li>оффлайн-режим;</li>
      <li>таймер времени отдыха;</li>
    </ul>
  </div>
  <h3>Известные проблемы</h3>
  <p>На iOS не работает запрет блокировки экрана при прохождении тренировки. Нужно разблокировать вручную или выставлять время блокировки экрана дольше вашего времени подхода.</p>
</div>"
`;
