// Vitest Snapshot v1, https://vitest.dev/guide/snapshot.html

exports[`HomePage > matches snapshot 1`] = `
"<div column="" gap="64">
  <promo-blocks-stub data-test="promo"></promo-blocks-stub>
  <div column="" gap="16">
    <statistics-example-stub></statistics-example-stub>
    <div class="_main_6ae1e0">
      <div class="_calendar_6ae1e0">
        <activity-calendar-stub events="[object Object],[object Object]" data-test="activity-calendar"></activity-calendar-stub>
        <activity-statistics-stub statistics="[object Object]" data-test="activity-statistics"></activity-statistics-stub>
        <activity-chart-stub></activity-chart-stub>
      </div>
      <div class="_statistics_6ae1e0">
        <exercise-statistics-stub statistics="[object Object],[object Object]" data-test="exercise-statistics"></exercise-statistics-stub>
      </div>
    </div>
  </div>
</div>"
`;
