// Vitest Snapshot v1, https://vitest.dev/guide/snapshot.html

exports[`ImagePreview > matches snapshot 1`] = `"<div class="_image_08d035"><img src="http://localhost:5000uploads/exercise/test.jpg" width="200" alt="Image" crossorigin="anonymous" data-test="image-preview"><button layout="plain" data-test="image-preview-delete">Удалить</button></div>"`;
