// Vitest Snapshot v1, https://vitest.dev/guide/snapshot.html

exports[`LayoutDefault > matches snapshot 1`] = `
"<main class="_main_c5ab0f" data-auth="false">
  <router-view-stub name="default" class="_content_c5ab0f" data-auth="false" data-test="layout-default-page"></router-view-stub>
</main>"
`;
