// Vitest Snapshot v1, https://vitest.dev/guide/snapshot.html

exports[`PwaUpdateModal > matches snapshot 1`] = `
"<div modelvalue="true" width="360" data-test="pwa-update-modal">
  <div column="" gap="16">
    <div><b>Обновление приложения</b></div>
    <div>Обновить страницу для получения новой версии приложения?</div>
    <div><button data-test="pwa-update-submit">Обновить</button><button layout="secondary" data-test="pwa-update-cancel">Отмена</button></div>
  </div>
</div>"
`;
