// Vitest Snapshot v1, https://vitest.dev/guide/snapshot.html

exports[`ScienceInfo > matches snapshot 1`] = `
"<div column="" gap="64">
  <div column="">
    <div class="_header_347ff6">Лучшая тренировка - та, на которую ты пришел!</div>
    <div>Трекинг подходов, отдыха и нагрузки повышает эффективность тренировок на 40%. Это позволяет избежать плато, сократить риск перетренированности и добиться целей на 3 месяца быстрее.</div>
    <div>Упражнения разделены по группам мышц для баланса простоты и разнообразия. Календарь с визуализацией тренировок, составом и временем подходов. Общие и средние данные за месяц: длительность, занятия, подходы, повторы, отдых, графики с динамикой.</div>
    <div>Таблица с данными по упражнениям: подходы и повторы за месяц, сравнение с прошлым периодом, среднее время и повторы в подходе. По клику — информация о задействованных мышцах, оборудовании, технике выполнения.</div>
  </div>
</div>"
`;
