// Vitest Snapshot v1, https://vitest.dev/guide/snapshot.html

exports[`ScienceInfo > matches snapshot 1`] = `
"<div column="" gap="64">
  <div column="">
    <div class="_header_d9afc6">Лучшая тренировка - та, на которую ты пришел!</div>
    <div>Исследования доказывают, что трекинг результатов помогает достичь ваших спортивных целей. Упражнения разделены по группам мышц и подобраны для баланса простоты и разнообразия тренировок.</div>
    <div>В календаре c примером пользовательских данных есть визуализацию тренировок, их состав, время подходов. Ниже общие и средние данные за месяц по длительности тренировок, занятиям, подходам, повторам, времени отдыха, графики с динамикой.</div>
    <div>В таблице статистика по упражнениям: подходы и повторы за месяц, сравнение с прошлым периодом, среднее время выполнения и количество повторов в подходе. Кликнув по упражнению можно почитать о задействованных группах мышц, оборудовании, технике выполнения.</div>
  </div>
</div>"
`;
