// Vitest Snapshot v1, https://vitest.dev/guide/snapshot.html

exports[`ScienceInfo > matches snapshot 1`] = `
"<div justify="center">
  <div class="_container_347ff6">
    <div class="_header_347ff6">Лучшая тренировка - та, на которую ты пришел!</div>
    <p>Трекинг подходов, отдыха и нагрузки повышает эффективность тренировок на 40%. Это позволяет избежать плато, сократить риск перетренированности и добиться целей на 3 месяца быстрее.</p>
    <p>Уже более 60 человек пользуются приложением, улучшая свои спортивные показатели и качество жизни.</p>
    <div class="_button_347ff6"><button layout="gradient" istall="" islargefont="">Зарегистрироваться</button></div>
  </div>
</div>"
`;
