// Vitest Snapshot v1, https://vitest.dev/guide/snapshot.html

exports[`StatisticsExample > matches snapshot 1`] = `
"<div column="">
  <div> В календаре c примером пользовательских данных можно посмотреть визуализацию тренировки, её состав, время подходов, скопировать информацию в буфер обмена, например, для отчёта тренеру. </div>
  <div> Ниже общие и средние данные за месяц по длительности тренировок, количеству занятий, подходов, повторов, времени отдыха, графики с динамикой по этим параметрам. </div>
  <div> В таблице статистика по упраженениям: подходы и повторы за месяц, сравнение с прошлым периодом, среднее время выполнения. Кликнув по упражнению можно почитать о задействованных группах мышц, оборудовании, технике выполнения. </div>
</div>"
`;
