// Vitest Snapshot v1, https://vitest.dev/guide/snapshot.html

exports[`TheHeader > matches snapshot 1`] = `
"<header class="_header_ad8e33"><a to="/" class="_link_ad8e33" aria-label="Logo" data-test="header-logo">
    <anonymous-stub width="30" height="30"></anonymous-stub>
    <div column="" gap="0">
      <div class="_logo_ad8e33">FiT</div>
      <div class="_version_ad8e33">v. 0.2.0</div>
    </div>
  </a>
  <div justify="flex-end"><button layout="plain" data-test="header-locale">RU</button><button layout="plain" data-test="header-help">Помощь</button><button layout="plain" data-test="header-registration">Регистрация</button><button layout="plain" data-test="header-login">Вход</button></div>
</header>"
`;
