// Vitest Snapshot v1, https://vitest.dev/guide/snapshot.html

exports[`TheHero > matches snapshot 1`] = `
"<div>
  <div class="_background_96c2a8">
    <h1 class="_h1_96c2a8">FiT - календарь домашних силовых тренировок</h1>
    <div column="" gap="12">
      <div class="_benefit_96c2a8" data-test="hero-benefit">Календарь с планированием и визуализацией занятий</div>
      <div class="_benefit_96c2a8" data-test="hero-benefit">Шаблоны занятий для будущих тренировок</div>
      <div class="_benefit_96c2a8" data-test="hero-benefit">Общие и индивидуальные упражнения с оборудованием и без</div>
      <div class="_benefit_96c2a8" data-test="hero-benefit">Бесплатное приложение для ПК, Android и iOS</div>
    </div>
    <anonymous-stub class="_lines_96c2a8"></anonymous-stub>
  </div>
</div>"
`;
