// Vitest Snapshot v1, https://vitest.dev/guide/snapshot.html

exports[`EquipmentList > matches snapshot 1`] = `
"<table headers="[object Object]" isloading="false" lang="ru">
  <tbody>
    <tr data-test="equipment-table-row">
      <td data-grow=""><a to="/equipment/edit/147456456" data-test="equipment-table-title-link">Гантели
          <!--v-if-->
        </a></td>
    </tr>
    <tr data-test="equipment-table-row">
      <td data-grow=""><a to="/equipment/edit/245645645645" data-test="equipment-table-title-link">Скамья
          <!--v-if-->
        </a></td>
    </tr>
  </tbody>
</table>"
`;
