// Vitest Snapshot v1, https://vitest.dev/guide/snapshot.html

exports[`UserFormUpdatePassword > matches snapshot 1`] = `
"<div title="Обновить пароль" modelvalue="false">
  <div gap="12"><input type="text" modelvalue="" placeholder="Пароль от 6 символов" ispassword="" data-test="user-form-update-password-input"><button isdisabled="true" isnarrow="" data-test="user-form-update-password-button">Обновить</button></div>
</div>"
`;
