// Vitest Snapshot v1, https://vitest.dev/guide/snapshot.html

exports[`UserForm > matches snapshot 1`] = `
"<div>
  <div tag="form" column="" gap="16" data-test="user-form">
    <!--v-if-->
    <ui-tabs-stub tabs="[object Object]" modelvalue="general" data-test="user-form-tabs"></ui-tabs-stub>
    <div column="" gap="16" data-test="user-form-tab">
      <h3 data-test="user-form-tab-title">Общее</h3>
      <fieldset label="Имя" isrequired=""><input type="text" modelvalue="" data-test="user-form-name"></fieldset>
      <fieldset label="Электронная почта" isrequired=""><input type="email" modelvalue="" data-test="user-form-email"></fieldset>
      <fieldset label="Пароль" isrequired=""><input type="text" modelvalue="" ispassword="" data-test="user-form-password"></fieldset>
      <!--v-if-->
    </div>
    <div column="" gap="16" data-test="user-form-tab" style="display: none;">
      <h3 data-test="user-form-tab-title">Оборудование</h3>
      <user-equipment-form-stub equipments="[object Object],[object Object]" modelvalue="" data-test="user-form-equipments"></user-equipment-form-stub>
    </div>
    <div column="" gap="16" data-test="user-form-tab" style="display: none;">
      <h3 data-test="user-form-tab-title">Выбор веса</h3>
      <user-default-weights-form-stub userequipments="" exercises="[object Object],[object Object],[object Object]" modelvalue="[object Object]" data-test="user-form-default-weights"></user-default-weights-form-stub>
    </div>
    <div column="" gap="16" data-test="user-form-tab" style="display: none;">
      <h3 data-test="user-form-tab-title">Упражнения</h3>
      <user-exercises-stub exercises="[object Object]" data-test="user-form-exercises"></user-exercises-stub><button data-test="user-form-add-exercise">Добавить своё упражнение</button>
      <div modelvalue="false" width="360" data-test="user-form-exercise-form-modal">
        <div class="_modal_0ded47">
          <h3>Добавить своё упражнение</h3>
          <exercise-form-stub isedit="false" isdisableredirect="true" isfixed="false" data-test="user-form-exercise-form"></exercise-form-stub>
        </div>
      </div>
    </div>
    <form-buttons-stub isedit="false" isemitcancel="false" isfixed="true" data-test="user-form-buttons"></form-buttons-stub>
  </div>
</div>"
`;
