// Vitest Snapshot v1, https://vitest.dev/guide/snapshot.html

exports[`UserEquipmentForm > matches snapshot 1`] = `
"<div gap="16" column="">
  <div>
    <div column="">
      <div>Оборудование</div>
      <div><input type="text" options="" isdisabled="false" lang="ru" islocalefield="false" data-test="user-equipment-options"></div>
    </div>
    <!--v-if-->
  </div>
  <!--v-if-->
  <!--v-if-->
  <div>
    <!--v-if--><button isdisabled="true" data-test="user-add-equipment">Добавить оборудование</button>
  </div>
  <div column="">
    <div>Оборудование добавлено</div>
    <div wrap="">
      <div isedit="true" isdelete="" data-test="user-equipment"><span data-test="user-equipment-title">Гантели</span><span data-test="user-equipment-weights"><span data-test="user-equipment-weight">1</span> кг</span><span data-test="user-equipment-weights"><span data-test="user-equipment-weight">2</span> кг</span><span data-test="user-equipment-weights"><span data-test="user-equipment-weight">3</span> кг</span></div>
      <div isedit="false" isdelete="" data-test="user-equipment"><span data-test="user-equipment-title">Скамья</span></div>
    </div>
  </div>
</div>"
`;
