// Vitest Snapshot v1, https://vitest.dev/guide/snapshot.html

exports[`UserExercises > matches snapshot 1`] = `
"<div column="" gap="16">
  <div wrap="">
    <div isedit="" align="center" data-test="user-exercise"><span data-test="user-exercise-title">Отжимание от скамьи</span></div>
    <div isedit="" align="center" data-test="user-exercise"><span data-test="user-exercise-title">Подтягивание</span></div>
    <div isedit="" align="center" data-test="user-exercise"><span data-test="user-exercise-title">Жим лёжа</span></div>
  </div>
</div>"
`;
