// Vitest Snapshot v1, https://vitest.dev/guide/snapshot.html

exports[`UserExercises > matches snapshot 1`] = `
"<div column="" gap="16">
  <h3>Ваши упражнения</h3>
  <div wrap="">
    <div align="center" data-test="user-exercises"><span data-test="user-exercise-title">Отжимание от скамьи</span><button type="button" class="_edit_29d537" data-test="user-exercise-edit">
        <anonymous-stub width="20" height="20"></anonymous-stub>
      </button></div>
    <div align="center" data-test="user-exercises"><span data-test="user-exercise-title">Подтягивание</span><button type="button" class="_edit_29d537" data-test="user-exercise-edit">
        <anonymous-stub width="20" height="20"></anonymous-stub>
      </button></div>
    <div align="center" data-test="user-exercises"><span data-test="user-exercise-title">Жим лёжа</span><button type="button" class="_edit_29d537" data-test="user-exercise-edit">
        <anonymous-stub width="20" height="20"></anonymous-stub>
      </button></div>
  </div>
</div>"
`;
