// Vitest Snapshot v1, https://vitest.dev/guide/snapshot.html

exports[`UserList > matches snapshot 1`] = `
"<table headers="[object Object],[object Object]" isloading="false">
  <tbody>
    <tr data-test="user-table-row">
      <td data-grow=""><a to="/users/edit/15546435" data-test="user-table-email-link">a@b.ru</a></td>
      <td class="_confirmed_b2ab50">Нет</td>
    </tr>
    <tr data-test="user-table-row">
      <td data-grow=""><a to="/users/edit/264564564" data-test="user-table-email-link">a2@b.ru</a></td>
      <td class="_confirmed_b2ab50">Нет</td>
    </tr>
  </tbody>
</table>"
`;
